===== 2026-09-26T12:44:23-07:00 stage=fullroom_A_pointsam attempt=1 =====
Traceback (most recent call last):
  File "C:\Repos\openwall-stud-frame\scripts\run_fullroom_scenario.py", line 493, in <module>
    raise SystemExit(main())
                     ^^^^^^
  File "C:\Repos\openwall-stud-frame\scripts\run_fullroom_scenario.py", line 459, in main
    return _not_adapted(spec, args.model, calibration, before)
           ^^^^^^^^^^^^^^^^^^^^^^^^^^^^^^^^^^^^^^^^^^^^^^^^^^^
  File "C:\Repos\openwall-stud-frame\scripts\run_fullroom_scenario.py", line 418, in _not_adapted
    after = {key: _sha256(path) for key, path in before.items()}
                  ^^^^^^^^^^^^^
  File "C:\Repos\openwall-stud-frame\scripts\run_fullroom_scenario.py", line 71, in _sha256
    if not path.is_file():
           ^^^^^^^^^^^^
AttributeError: 'str' object has no attribute 'is_file'
===== 2026-09-26T12:44:23-07:00 stage=fullroom_A_pointsam attempt=2 =====
Traceback (most recent call last):
  File "C:\Repos\openwall-stud-frame\scripts\run_fullroom_scenario.py", line 493, in <module>
    raise SystemExit(main())
                     ^^^^^^
  File "C:\Repos\openwall-stud-frame\scripts\run_fullroom_scenario.py", line 459, in main
    return _not_adapted(spec, args.model, calibration, before)
           ^^^^^^^^^^^^^^^^^^^^^^^^^^^^^^^^^^^^^^^^^^^^^^^^^^^
  File "C:\Repos\openwall-stud-frame\scripts\run_fullroom_scenario.py", line 418, in _not_adapted
    after = {key: _sha256(path) for key, path in before.items()}
                  ^^^^^^^^^^^^^
  File "C:\Repos\openwall-stud-frame\scripts\run_fullroom_scenario.py", line 71, in _sha256
    if not path.is_file():
           ^^^^^^^^^^^^
AttributeError: 'str' object has no attribute 'is_file'
===== 2026-09-26T12:44:24-07:00 stage=fullroom_A_pointsam attempt=3 =====
Traceback (most recent call last):
  File "C:\Repos\openwall-stud-frame\scripts\run_fullroom_scenario.py", line 493, in <module>
    raise SystemExit(main())
                     ^^^^^^
  File "C:\Repos\openwall-stud-frame\scripts\run_fullroom_scenario.py", line 459, in main
    return _not_adapted(spec, args.model, calibration, before)
           ^^^^^^^^^^^^^^^^^^^^^^^^^^^^^^^^^^^^^^^^^^^^^^^^^^^
  File "C:\Repos\openwall-stud-frame\scripts\run_fullroom_scenario.py", line 418, in _not_adapted
    after = {key: _sha256(path) for key, path in before.items()}
                  ^^^^^^^^^^^^^
  File "C:\Repos\openwall-stud-frame\scripts\run_fullroom_scenario.py", line 71, in _sha256
    if not path.is_file():
           ^^^^^^^^^^^^
AttributeError: 'str' object has no attribute 'is_file'
===== 2026-09-26T12:44:25-07:00 stage=fullroom_A_pointsam attempt=4 =====
Traceback (most recent call last):
  File "C:\Repos\openwall-stud-frame\scripts\run_fullroom_scenario.py", line 493, in <module>
    raise SystemExit(main())
                     ^^^^^^
  File "C:\Repos\openwall-stud-frame\scripts\run_fullroom_scenario.py", line 459, in main
    return _not_adapted(spec, args.model, calibration, before)
           ^^^^^^^^^^^^^^^^^^^^^^^^^^^^^^^^^^^^^^^^^^^^^^^^^^^
  File "C:\Repos\openwall-stud-frame\scripts\run_fullroom_scenario.py", line 418, in _not_adapted
    after = {key: _sha256(path) for key, path in before.items()}
                  ^^^^^^^^^^^^^
  File "C:\Repos\openwall-stud-frame\scripts\run_fullroom_scenario.py", line 71, in _sha256
    if not path.is_file():
           ^^^^^^^^^^^^
AttributeError: 'str' object has no attribute 'is_file'
===== 2026-09-26T12:44:25-07:00 stage=fullroom_B_pointsam attempt=1 =====
Traceback (most recent call last):
  File "C:\Repos\openwall-stud-frame\scripts\run_fullroom_scenario.py", line 493, in <module>
    raise SystemExit(main())
                     ^^^^^^
  File "C:\Repos\openwall-stud-frame\scripts\run_fullroom_scenario.py", line 459, in main
    return _not_adapted(spec, args.model, calibration, before)
           ^^^^^^^^^^^^^^^^^^^^^^^^^^^^^^^^^^^^^^^^^^^^^^^^^^^
  File "C:\Repos\openwall-stud-frame\scripts\run_fullroom_scenario.py", line 418, in _not_adapted
    after = {key: _sha256(path) for key, path in before.items()}
                  ^^^^^^^^^^^^^
  File "C:\Repos\openwall-stud-frame\scripts\run_fullroom_scenario.py", line 71, in _sha256
    if not path.is_file():
           ^^^^^^^^^^^^
AttributeError: 'str' object has no attribute 'is_file'
===== 2026-09-26T12:44:26-07:00 stage=fullroom_B_pointsam attempt=2 =====
Traceback (most recent call last):
  File "C:\Repos\openwall-stud-frame\scripts\run_fullroom_scenario.py", line 493, in <module>
    raise SystemExit(main())
                     ^^^^^^
  File "C:\Repos\openwall-stud-frame\scripts\run_fullroom_scenario.py", line 459, in main
    return _not_adapted(spec, args.model, calibration, before)
           ^^^^^^^^^^^^^^^^^^^^^^^^^^^^^^^^^^^^^^^^^^^^^^^^^^^
  File "C:\Repos\openwall-stud-frame\scripts\run_fullroom_scenario.py", line 418, in _not_adapted
    after = {key: _sha256(path) for key, path in before.items()}
                  ^^^^^^^^^^^^^
  File "C:\Repos\openwall-stud-frame\scripts\run_fullroom_scenario.py", line 71, in _sha256
    if not path.is_file():
           ^^^^^^^^^^^^
AttributeError: 'str' object has no attribute 'is_file'
===== 2026-09-26T12:44:26-07:00 stage=fullroom_B_pointsam attempt=3 =====
Traceback (most recent call last):
  File "C:\Repos\openwall-stud-frame\scripts\run_fullroom_scenario.py", line 493, in <module>
    raise SystemExit(main())
                     ^^^^^^
  File "C:\Repos\openwall-stud-frame\scripts\run_fullroom_scenario.py", line 459, in main
    return _not_adapted(spec, args.model, calibration, before)
           ^^^^^^^^^^^^^^^^^^^^^^^^^^^^^^^^^^^^^^^^^^^^^^^^^^^
  File "C:\Repos\openwall-stud-frame\scripts\run_fullroom_scenario.py", line 418, in _not_adapted
    after = {key: _sha256(path) for key, path in before.items()}
                  ^^^^^^^^^^^^^
  File "C:\Repos\openwall-stud-frame\scripts\run_fullroom_scenario.py", line 71, in _sha256
    if not path.is_file():
           ^^^^^^^^^^^^
AttributeError: 'str' object has no attribute 'is_file'
===== 2026-09-26T12:44:27-07:00 stage=fullroom_B_pointsam attempt=4 =====
Traceback (most recent call last):
  File "C:\Repos\openwall-stud-frame\scripts\run_fullroom_scenario.py", line 493, in <module>
    raise SystemExit(main())
                     ^^^^^^
  File "C:\Repos\openwall-stud-frame\scripts\run_fullroom_scenario.py", line 459, in main
    return _not_adapted(spec, args.model, calibration, before)
           ^^^^^^^^^^^^^^^^^^^^^^^^^^^^^^^^^^^^^^^^^^^^^^^^^^^
  File "C:\Repos\openwall-stud-frame\scripts\run_fullroom_scenario.py", line 418, in _not_adapted
    after = {key: _sha256(path) for key, path in before.items()}
                  ^^^^^^^^^^^^^
  File "C:\Repos\openwall-stud-frame\scripts\run_fullroom_scenario.py", line 71, in _sha256
    if not path.is_file():
           ^^^^^^^^^^^^
AttributeError: 'str' object has no attribute 'is_file'
===== 2026-09-26T12:44:28-07:00 stage=fullroom_C_pointsam attempt=1 =====
Traceback (most recent call last):
  File "C:\Repos\openwall-stud-frame\scripts\run_fullroom_scenario.py", line 493, in <module>
    raise SystemExit(main())
                     ^^^^^^
  File "C:\Repos\openwall-stud-frame\scripts\run_fullroom_scenario.py", line 459, in main
    return _not_adapted(spec, args.model, calibration, before)
           ^^^^^^^^^^^^^^^^^^^^^^^^^^^^^^^^^^^^^^^^^^^^^^^^^^^
  File "C:\Repos\openwall-stud-frame\scripts\run_fullroom_scenario.py", line 418, in _not_adapted
    after = {key: _sha256(path) for key, path in before.items()}
                  ^^^^^^^^^^^^^
  File "C:\Repos\openwall-stud-frame\scripts\run_fullroom_scenario.py", line 71, in _sha256
    if not path.is_file():
           ^^^^^^^^^^^^
AttributeError: 'str' object has no attribute 'is_file'
===== 2026-09-26T12:44:28-07:00 stage=fullroom_C_pointsam attempt=2 =====
Traceback (most recent call last):
  File "C:\Repos\openwall-stud-frame\scripts\run_fullroom_scenario.py", line 493, in <module>
    raise SystemExit(main())
                     ^^^^^^
  File "C:\Repos\openwall-stud-frame\scripts\run_fullroom_scenario.py", line 459, in main
    return _not_adapted(spec, args.model, calibration, before)
           ^^^^^^^^^^^^^^^^^^^^^^^^^^^^^^^^^^^^^^^^^^^^^^^^^^^
  File "C:\Repos\openwall-stud-frame\scripts\run_fullroom_scenario.py", line 418, in _not_adapted
    after = {key: _sha256(path) for key, path in before.items()}
                  ^^^^^^^^^^^^^
  File "C:\Repos\openwall-stud-frame\scripts\run_fullroom_scenario.py", line 71, in _sha256
    if not path.is_file():
           ^^^^^^^^^^^^
AttributeError: 'str' object has no attribute 'is_file'
===== 2026-09-26T12:44:29-07:00 stage=fullroom_C_pointsam attempt=3 =====
Traceback (most recent call last):
  File "C:\Repos\openwall-stud-frame\scripts\run_fullroom_scenario.py", line 493, in <module>
    raise SystemExit(main())
                     ^^^^^^
  File "C:\Repos\openwall-stud-frame\scripts\run_fullroom_scenario.py", line 459, in main
    return _not_adapted(spec, args.model, calibration, before)
           ^^^^^^^^^^^^^^^^^^^^^^^^^^^^^^^^^^^^^^^^^^^^^^^^^^^
  File "C:\Repos\openwall-stud-frame\scripts\run_fullroom_scenario.py", line 418, in _not_adapted
    after = {key: _sha256(path) for key, path in before.items()}
                  ^^^^^^^^^^^^^
  File "C:\Repos\openwall-stud-frame\scripts\run_fullroom_scenario.py", line 71, in _sha256
    if not path.is_file():
           ^^^^^^^^^^^^
AttributeError: 'str' object has no attribute 'is_file'
===== 2026-09-26T12:44:30-07:00 stage=fullroom_C_pointsam attempt=4 =====
Traceback (most recent call last):
  File "C:\Repos\openwall-stud-frame\scripts\run_fullroom_scenario.py", line 493, in <module>
    raise SystemExit(main())
                     ^^^^^^
  File "C:\Repos\openwall-stud-frame\scripts\run_fullroom_scenario.py", line 459, in main
    return _not_adapted(spec, args.model, calibration, before)
           ^^^^^^^^^^^^^^^^^^^^^^^^^^^^^^^^^^^^^^^^^^^^^^^^^^^
  File "C:\Repos\openwall-stud-frame\scripts\run_fullroom_scenario.py", line 418, in _not_adapted
    after = {key: _sha256(path) for key, path in before.items()}
                  ^^^^^^^^^^^^^
  File "C:\Repos\openwall-stud-frame\scripts\run_fullroom_scenario.py", line 71, in _sha256
    if not path.is_file():
           ^^^^^^^^^^^^
AttributeError: 'str' object has no attribute 'is_file'
===== 2026-09-26T12:44:30-07:00 stage=fullroom_D_pointsam attempt=1 =====
Traceback (most recent call last):
  File "C:\Repos\openwall-stud-frame\scripts\run_fullroom_scenario.py", line 493, in <module>
    raise SystemExit(main())
                     ^^^^^^
  File "C:\Repos\openwall-stud-frame\scripts\run_fullroom_scenario.py", line 459, in main
    return _not_adapted(spec, args.model, calibration, before)
           ^^^^^^^^^^^^^^^^^^^^^^^^^^^^^^^^^^^^^^^^^^^^^^^^^^^
  File "C:\Repos\openwall-stud-frame\scripts\run_fullroom_scenario.py", line 418, in _not_adapted
    after = {key: _sha256(path) for key, path in before.items()}
                  ^^^^^^^^^^^^^
  File "C:\Repos\openwall-stud-frame\scripts\run_fullroom_scenario.py", line 71, in _sha256
    if not path.is_file():
           ^^^^^^^^^^^^
AttributeError: 'str' object has no attribute 'is_file'
===== 2026-09-26T12:44:31-07:00 stage=fullroom_D_pointsam attempt=2 =====
Traceback (most recent call last):
  File "C:\Repos\openwall-stud-frame\scripts\run_fullroom_scenario.py", line 493, in <module>
    raise SystemExit(main())
                     ^^^^^^
  File "C:\Repos\openwall-stud-frame\scripts\run_fullroom_scenario.py", line 459, in main
    return _not_adapted(spec, args.model, calibration, before)
           ^^^^^^^^^^^^^^^^^^^^^^^^^^^^^^^^^^^^^^^^^^^^^^^^^^^
  File "C:\Repos\openwall-stud-frame\scripts\run_fullroom_scenario.py", line 418, in _not_adapted
    after = {key: _sha256(path) for key, path in before.items()}
                  ^^^^^^^^^^^^^
  File "C:\Repos\openwall-stud-frame\scripts\run_fullroom_scenario.py", line 71, in _sha256
    if not path.is_file():
           ^^^^^^^^^^^^
AttributeError: 'str' object has no attribute 'is_file'
===== 2026-09-26T12:44:32-07:00 stage=fullroom_D_pointsam attempt=3 =====
Traceback (most recent call last):
  File "C:\Repos\openwall-stud-frame\scripts\run_fullroom_scenario.py", line 493, in <module>
    raise SystemExit(main())
                     ^^^^^^
  File "C:\Repos\openwall-stud-frame\scripts\run_fullroom_scenario.py", line 459, in main
    return _not_adapted(spec, args.model, calibration, before)
           ^^^^^^^^^^^^^^^^^^^^^^^^^^^^^^^^^^^^^^^^^^^^^^^^^^^
  File "C:\Repos\openwall-stud-frame\scripts\run_fullroom_scenario.py", line 418, in _not_adapted
    after = {key: _sha256(path) for key, path in before.items()}
                  ^^^^^^^^^^^^^
  File "C:\Repos\openwall-stud-frame\scripts\run_fullroom_scenario.py", line 71, in _sha256
    if not path.is_file():
           ^^^^^^^^^^^^
AttributeError: 'str' object has no attribute 'is_file'
===== 2026-09-26T12:44:32-07:00 stage=fullroom_D_pointsam attempt=4 =====
Traceback (most recent call last):
  File "C:\Repos\openwall-stud-frame\scripts\run_fullroom_scenario.py", line 493, in <module>
    raise SystemExit(main())
                     ^^^^^^
  File "C:\Repos\openwall-stud-frame\scripts\run_fullroom_scenario.py", line 459, in main
    return _not_adapted(spec, args.model, calibration, before)
           ^^^^^^^^^^^^^^^^^^^^^^^^^^^^^^^^^^^^^^^^^^^^^^^^^^^
  File "C:\Repos\openwall-stud-frame\scripts\run_fullroom_scenario.py", line 418, in _not_adapted
    after = {key: _sha256(path) for key, path in before.items()}
                  ^^^^^^^^^^^^^
  File "C:\Repos\openwall-stud-frame\scripts\run_fullroom_scenario.py", line 71, in _sha256
    if not path.is_file():
           ^^^^^^^^^^^^
AttributeError: 'str' object has no attribute 'is_file'
===== 2026-09-26T12:44:33-07:00 stage=fullroom_E_pointsam attempt=1 =====
Traceback (most recent call last):
  File "C:\Repos\openwall-stud-frame\scripts\run_fullroom_scenario.py", line 493, in <module>
    raise SystemExit(main())
                     ^^^^^^
  File "C:\Repos\openwall-stud-frame\scripts\run_fullroom_scenario.py", line 459, in main
    return _not_adapted(spec, args.model, calibration, before)
           ^^^^^^^^^^^^^^^^^^^^^^^^^^^^^^^^^^^^^^^^^^^^^^^^^^^
  File "C:\Repos\openwall-stud-frame\scripts\run_fullroom_scenario.py", line 418, in _not_adapted
    after = {key: _sha256(path) for key, path in before.items()}
                  ^^^^^^^^^^^^^
  File "C:\Repos\openwall-stud-frame\scripts\run_fullroom_scenario.py", line 71, in _sha256
    if not path.is_file():
           ^^^^^^^^^^^^
AttributeError: 'str' object has no attribute 'is_file'
===== 2026-09-26T12:44:33-07:00 stage=fullroom_E_pointsam attempt=2 =====
Traceback (most recent call last):
  File "C:\Repos\openwall-stud-frame\scripts\run_fullroom_scenario.py", line 493, in <module>
    raise SystemExit(main())
                     ^^^^^^
  File "C:\Repos\openwall-stud-frame\scripts\run_fullroom_scenario.py", line 459, in main
    return _not_adapted(spec, args.model, calibration, before)
           ^^^^^^^^^^^^^^^^^^^^^^^^^^^^^^^^^^^^^^^^^^^^^^^^^^^
  File "C:\Repos\openwall-stud-frame\scripts\run_fullroom_scenario.py", line 418, in _not_adapted
    after = {key: _sha256(path) for key, path in before.items()}
                  ^^^^^^^^^^^^^
  File "C:\Repos\openwall-stud-frame\scripts\run_fullroom_scenario.py", line 71, in _sha256
    if not path.is_file():
           ^^^^^^^^^^^^
AttributeError: 'str' object has no attribute 'is_file'
===== 2026-09-26T12:44:34-07:00 stage=fullroom_E_pointsam attempt=3 =====
Traceback (most recent call last):
  File "C:\Repos\openwall-stud-frame\scripts\run_fullroom_scenario.py", line 493, in <module>
    raise SystemExit(main())
                     ^^^^^^
  File "C:\Repos\openwall-stud-frame\scripts\run_fullroom_scenario.py", line 459, in main
    return _not_adapted(spec, args.model, calibration, before)
           ^^^^^^^^^^^^^^^^^^^^^^^^^^^^^^^^^^^^^^^^^^^^^^^^^^^
  File "C:\Repos\openwall-stud-frame\scripts\run_fullroom_scenario.py", line 418, in _not_adapted
    after = {key: _sha256(path) for key, path in before.items()}
                  ^^^^^^^^^^^^^
  File "C:\Repos\openwall-stud-frame\scripts\run_fullroom_scenario.py", line 71, in _sha256
    if not path.is_file():
           ^^^^^^^^^^^^
AttributeError: 'str' object has no attribute 'is_file'
===== 2026-09-26T12:44:35-07:00 stage=fullroom_E_pointsam attempt=4 =====
Traceback (most recent call last):
  File "C:\Repos\openwall-stud-frame\scripts\run_fullroom_scenario.py", line 493, in <module>
    raise SystemExit(main())
                     ^^^^^^
  File "C:\Repos\openwall-stud-frame\scripts\run_fullroom_scenario.py", line 459, in main
    return _not_adapted(spec, args.model, calibration, before)
           ^^^^^^^^^^^^^^^^^^^^^^^^^^^^^^^^^^^^^^^^^^^^^^^^^^^
  File "C:\Repos\openwall-stud-frame\scripts\run_fullroom_scenario.py", line 418, in _not_adapted
    after = {key: _sha256(path) for key, path in before.items()}
                  ^^^^^^^^^^^^^
  File "C:\Repos\openwall-stud-frame\scripts\run_fullroom_scenario.py", line 71, in _sha256
    if not path.is_file():
           ^^^^^^^^^^^^
AttributeError: 'str' object has no attribute 'is_file'
===== 2026-09-26T12:44:35-07:00 stage=fullroom_F_pointsam attempt=1 =====
Traceback (most recent call last):
  File "C:\Repos\openwall-stud-frame\scripts\run_fullroom_scenario.py", line 493, in <module>
    raise SystemExit(main())
                     ^^^^^^
  File "C:\Repos\openwall-stud-frame\scripts\run_fullroom_scenario.py", line 459, in main
    return _not_adapted(spec, args.model, calibration, before)
           ^^^^^^^^^^^^^^^^^^^^^^^^^^^^^^^^^^^^^^^^^^^^^^^^^^^
  File "C:\Repos\openwall-stud-frame\scripts\run_fullroom_scenario.py", line 418, in _not_adapted
    after = {key: _sha256(path) for key, path in before.items()}
                  ^^^^^^^^^^^^^
  File "C:\Repos\openwall-stud-frame\scripts\run_fullroom_scenario.py", line 71, in _sha256
    if not path.is_file():
           ^^^^^^^^^^^^
AttributeError: 'str' object has no attribute 'is_file'
===== 2026-09-26T12:44:36-07:00 stage=fullroom_F_pointsam attempt=2 =====
Traceback (most recent call last):
  File "C:\Repos\openwall-stud-frame\scripts\run_fullroom_scenario.py", line 493, in <module>
    raise SystemExit(main())
                     ^^^^^^
  File "C:\Repos\openwall-stud-frame\scripts\run_fullroom_scenario.py", line 459, in main
    return _not_adapted(spec, args.model, calibration, before)
           ^^^^^^^^^^^^^^^^^^^^^^^^^^^^^^^^^^^^^^^^^^^^^^^^^^^
  File "C:\Repos\openwall-stud-frame\scripts\run_fullroom_scenario.py", line 418, in _not_adapted
    after = {key: _sha256(path) for key, path in before.items()}
                  ^^^^^^^^^^^^^
  File "C:\Repos\openwall-stud-frame\scripts\run_fullroom_scenario.py", line 71, in _sha256
    if not path.is_file():
           ^^^^^^^^^^^^
AttributeError: 'str' object has no attribute 'is_file'
===== 2026-09-26T12:44:37-07:00 stage=fullroom_F_pointsam attempt=3 =====
Traceback (most recent call last):
  File "C:\Repos\openwall-stud-frame\scripts\run_fullroom_scenario.py", line 493, in <module>
    raise SystemExit(main())
                     ^^^^^^
  File "C:\Repos\openwall-stud-frame\scripts\run_fullroom_scenario.py", line 459, in main
    return _not_adapted(spec, args.model, calibration, before)
           ^^^^^^^^^^^^^^^^^^^^^^^^^^^^^^^^^^^^^^^^^^^^^^^^^^^
  File "C:\Repos\openwall-stud-frame\scripts\run_fullroom_scenario.py", line 418, in _not_adapted
    after = {key: _sha256(path) for key, path in before.items()}
                  ^^^^^^^^^^^^^
  File "C:\Repos\openwall-stud-frame\scripts\run_fullroom_scenario.py", line 71, in _sha256
    if not path.is_file():
           ^^^^^^^^^^^^
AttributeError: 'str' object has no attribute 'is_file'
===== 2026-09-26T12:44:37-07:00 stage=fullroom_F_pointsam attempt=4 =====
Traceback (most recent call last):
  File "C:\Repos\openwall-stud-frame\scripts\run_fullroom_scenario.py", line 493, in <module>
    raise SystemExit(main())
                     ^^^^^^
  File "C:\Repos\openwall-stud-frame\scripts\run_fullroom_scenario.py", line 459, in main
    return _not_adapted(spec, args.model, calibration, before)
           ^^^^^^^^^^^^^^^^^^^^^^^^^^^^^^^^^^^^^^^^^^^^^^^^^^^
  File "C:\Repos\openwall-stud-frame\scripts\run_fullroom_scenario.py", line 418, in _not_adapted
    after = {key: _sha256(path) for key, path in before.items()}
                  ^^^^^^^^^^^^^
  File "C:\Repos\openwall-stud-frame\scripts\run_fullroom_scenario.py", line 71, in _sha256
    if not path.is_file():
           ^^^^^^^^^^^^
AttributeError: 'str' object has no attribute 'is_file'
===== 2026-09-26T12:44:38-07:00 stage=fullroom_G_pointsam attempt=1 =====
Traceback (most recent call last):
  File "C:\Repos\openwall-stud-frame\scripts\run_fullroom_scenario.py", line 493, in <module>
    raise SystemExit(main())
                     ^^^^^^
  File "C:\Repos\openwall-stud-frame\scripts\run_fullroom_scenario.py", line 459, in main
    return _not_adapted(spec, args.model, calibration, before)
           ^^^^^^^^^^^^^^^^^^^^^^^^^^^^^^^^^^^^^^^^^^^^^^^^^^^
  File "C:\Repos\openwall-stud-frame\scripts\run_fullroom_scenario.py", line 418, in _not_adapted
    after = {key: _sha256(path) for key, path in before.items()}
                  ^^^^^^^^^^^^^
  File "C:\Repos\openwall-stud-frame\scripts\run_fullroom_scenario.py", line 71, in _sha256
    if not path.is_file():
           ^^^^^^^^^^^^
AttributeError: 'str' object has no attribute 'is_file'
===== 2026-09-26T12:44:39-07:00 stage=fullroom_G_pointsam attempt=2 =====
Traceback (most recent call last):
  File "C:\Repos\openwall-stud-frame\scripts\run_fullroom_scenario.py", line 493, in <module>
    raise SystemExit(main())
                     ^^^^^^
  File "C:\Repos\openwall-stud-frame\scripts\run_fullroom_scenario.py", line 459, in main
    return _not_adapted(spec, args.model, calibration, before)
           ^^^^^^^^^^^^^^^^^^^^^^^^^^^^^^^^^^^^^^^^^^^^^^^^^^^
  File "C:\Repos\openwall-stud-frame\scripts\run_fullroom_scenario.py", line 418, in _not_adapted
    after = {key: _sha256(path) for key, path in before.items()}
                  ^^^^^^^^^^^^^
  File "C:\Repos\openwall-stud-frame\scripts\run_fullroom_scenario.py", line 71, in _sha256
    if not path.is_file():
           ^^^^^^^^^^^^
AttributeError: 'str' object has no attribute 'is_file'
===== 2026-09-26T12:44:39-07:00 stage=fullroom_G_pointsam attempt=3 =====
Traceback (most recent call last):
  File "C:\Repos\openwall-stud-frame\scripts\run_fullroom_scenario.py", line 493, in <module>
    raise SystemExit(main())
                     ^^^^^^
  File "C:\Repos\openwall-stud-frame\scripts\run_fullroom_scenario.py", line 459, in main
    return _not_adapted(spec, args.model, calibration, before)
           ^^^^^^^^^^^^^^^^^^^^^^^^^^^^^^^^^^^^^^^^^^^^^^^^^^^
  File "C:\Repos\openwall-stud-frame\scripts\run_fullroom_scenario.py", line 418, in _not_adapted
    after = {key: _sha256(path) for key, path in before.items()}
                  ^^^^^^^^^^^^^
  File "C:\Repos\openwall-stud-frame\scripts\run_fullroom_scenario.py", line 71, in _sha256
    if not path.is_file():
           ^^^^^^^^^^^^
AttributeError: 'str' object has no attribute 'is_file'
===== 2026-09-26T12:44:40-07:00 stage=fullroom_G_pointsam attempt=4 =====
Traceback (most recent call last):
  File "C:\Repos\openwall-stud-frame\scripts\run_fullroom_scenario.py", line 493, in <module>
    raise SystemExit(main())
                     ^^^^^^
  File "C:\Repos\openwall-stud-frame\scripts\run_fullroom_scenario.py", line 459, in main
    return _not_adapted(spec, args.model, calibration, before)
           ^^^^^^^^^^^^^^^^^^^^^^^^^^^^^^^^^^^^^^^^^^^^^^^^^^^
  File "C:\Repos\openwall-stud-frame\scripts\run_fullroom_scenario.py", line 418, in _not_adapted
    after = {key: _sha256(path) for key, path in before.items()}
                  ^^^^^^^^^^^^^
  File "C:\Repos\openwall-stud-frame\scripts\run_fullroom_scenario.py", line 71, in _sha256
    if not path.is_file():
           ^^^^^^^^^^^^
AttributeError: 'str' object has no attribute 'is_file'
===== 2026-09-26T12:44:40-07:00 stage=fullroom_H_pointsam attempt=1 =====
Traceback (most recent call last):
  File "C:\Repos\openwall-stud-frame\scripts\run_fullroom_scenario.py", line 493, in <module>
    raise SystemExit(main())
                     ^^^^^^
  File "C:\Repos\openwall-stud-frame\scripts\run_fullroom_scenario.py", line 459, in main
    return _not_adapted(spec, args.model, calibration, before)
           ^^^^^^^^^^^^^^^^^^^^^^^^^^^^^^^^^^^^^^^^^^^^^^^^^^^
  File "C:\Repos\openwall-stud-frame\scripts\run_fullroom_scenario.py", line 418, in _not_adapted
    after = {key: _sha256(path) for key, path in before.items()}
                  ^^^^^^^^^^^^^
  File "C:\Repos\openwall-stud-frame\scripts\run_fullroom_scenario.py", line 71, in _sha256
    if not path.is_file():
           ^^^^^^^^^^^^
AttributeError: 'str' object has no attribute 'is_file'
===== 2026-09-26T12:44:41-07:00 stage=fullroom_H_pointsam attempt=2 =====
Traceback (most recent call last):
  File "C:\Repos\openwall-stud-frame\scripts\run_fullroom_scenario.py", line 493, in <module>
    raise SystemExit(main())
                     ^^^^^^
  File "C:\Repos\openwall-stud-frame\scripts\run_fullroom_scenario.py", line 459, in main
    return _not_adapted(spec, args.model, calibration, before)
           ^^^^^^^^^^^^^^^^^^^^^^^^^^^^^^^^^^^^^^^^^^^^^^^^^^^
  File "C:\Repos\openwall-stud-frame\scripts\run_fullroom_scenario.py", line 418, in _not_adapted
    after = {key: _sha256(path) for key, path in before.items()}
                  ^^^^^^^^^^^^^
  File "C:\Repos\openwall-stud-frame\scripts\run_fullroom_scenario.py", line 71, in _sha256
    if not path.is_file():
           ^^^^^^^^^^^^
AttributeError: 'str' object has no attribute 'is_file'
===== 2026-09-26T12:44:42-07:00 stage=fullroom_H_pointsam attempt=3 =====
Traceback (most recent call last):
  File "C:\Repos\openwall-stud-frame\scripts\run_fullroom_scenario.py", line 493, in <module>
    raise SystemExit(main())
                     ^^^^^^
  File "C:\Repos\openwall-stud-frame\scripts\run_fullroom_scenario.py", line 459, in main
    return _not_adapted(spec, args.model, calibration, before)
           ^^^^^^^^^^^^^^^^^^^^^^^^^^^^^^^^^^^^^^^^^^^^^^^^^^^
  File "C:\Repos\openwall-stud-frame\scripts\run_fullroom_scenario.py", line 418, in _not_adapted
    after = {key: _sha256(path) for key, path in before.items()}
                  ^^^^^^^^^^^^^
  File "C:\Repos\openwall-stud-frame\scripts\run_fullroom_scenario.py", line 71, in _sha256
    if not path.is_file():
           ^^^^^^^^^^^^
AttributeError: 'str' object has no attribute 'is_file'
===== 2026-09-26T12:44:42-07:00 stage=fullroom_H_pointsam attempt=4 =====
Traceback (most recent call last):
  File "C:\Repos\openwall-stud-frame\scripts\run_fullroom_scenario.py", line 493, in <module>
    raise SystemExit(main())
                     ^^^^^^
  File "C:\Repos\openwall-stud-frame\scripts\run_fullroom_scenario.py", line 459, in main
    return _not_adapted(spec, args.model, calibration, before)
           ^^^^^^^^^^^^^^^^^^^^^^^^^^^^^^^^^^^^^^^^^^^^^^^^^^^
  File "C:\Repos\openwall-stud-frame\scripts\run_fullroom_scenario.py", line 418, in _not_adapted
    after = {key: _sha256(path) for key, path in before.items()}
                  ^^^^^^^^^^^^^
  File "C:\Repos\openwall-stud-frame\scripts\run_fullroom_scenario.py", line 71, in _sha256
    if not path.is_file():
           ^^^^^^^^^^^^
AttributeError: 'str' object has no attribute 'is_file'
===== 2026-09-26T12:44:43-07:00 stage=fullroom_I_pointsam attempt=1 =====
Traceback (most recent call last):
  File "C:\Repos\openwall-stud-frame\scripts\run_fullroom_scenario.py", line 493, in <module>
    raise SystemExit(main())
                     ^^^^^^
  File "C:\Repos\openwall-stud-frame\scripts\run_fullroom_scenario.py", line 459, in main
    return _not_adapted(spec, args.model, calibration, before)
           ^^^^^^^^^^^^^^^^^^^^^^^^^^^^^^^^^^^^^^^^^^^^^^^^^^^
  File "C:\Repos\openwall-stud-frame\scripts\run_fullroom_scenario.py", line 418, in _not_adapted
    after = {key: _sha256(path) for key, path in before.items()}
                  ^^^^^^^^^^^^^
  File "C:\Repos\openwall-stud-frame\scripts\run_fullroom_scenario.py", line 71, in _sha256
    if not path.is_file():
           ^^^^^^^^^^^^
AttributeError: 'str' object has no attribute 'is_file'
===== 2026-09-26T12:44:44-07:00 stage=fullroom_I_pointsam attempt=2 =====
Traceback (most recent call last):
  File "C:\Repos\openwall-stud-frame\scripts\run_fullroom_scenario.py", line 493, in <module>
    raise SystemExit(main())
                     ^^^^^^
  File "C:\Repos\openwall-stud-frame\scripts\run_fullroom_scenario.py", line 459, in main
    return _not_adapted(spec, args.model, calibration, before)
           ^^^^^^^^^^^^^^^^^^^^^^^^^^^^^^^^^^^^^^^^^^^^^^^^^^^
  File "C:\Repos\openwall-stud-frame\scripts\run_fullroom_scenario.py", line 418, in _not_adapted
    after = {key: _sha256(path) for key, path in before.items()}
                  ^^^^^^^^^^^^^
  File "C:\Repos\openwall-stud-frame\scripts\run_fullroom_scenario.py", line 71, in _sha256
    if not path.is_file():
           ^^^^^^^^^^^^
AttributeError: 'str' object has no attribute 'is_file'
===== 2026-09-26T12:44:44-07:00 stage=fullroom_I_pointsam attempt=3 =====
Traceback (most recent call last):
  File "C:\Repos\openwall-stud-frame\scripts\run_fullroom_scenario.py", line 493, in <module>
    raise SystemExit(main())
                     ^^^^^^
  File "C:\Repos\openwall-stud-frame\scripts\run_fullroom_scenario.py", line 459, in main
    return _not_adapted(spec, args.model, calibration, before)
           ^^^^^^^^^^^^^^^^^^^^^^^^^^^^^^^^^^^^^^^^^^^^^^^^^^^
  File "C:\Repos\openwall-stud-frame\scripts\run_fullroom_scenario.py", line 418, in _not_adapted
    after = {key: _sha256(path) for key, path in before.items()}
                  ^^^^^^^^^^^^^
  File "C:\Repos\openwall-stud-frame\scripts\run_fullroom_scenario.py", line 71, in _sha256
    if not path.is_file():
           ^^^^^^^^^^^^
AttributeError: 'str' object has no attribute 'is_file'
===== 2026-09-26T12:44:45-07:00 stage=fullroom_I_pointsam attempt=4 =====
Traceback (most recent call last):
  File "C:\Repos\openwall-stud-frame\scripts\run_fullroom_scenario.py", line 493, in <module>
    raise SystemExit(main())
                     ^^^^^^
  File "C:\Repos\openwall-stud-frame\scripts\run_fullroom_scenario.py", line 459, in main
    return _not_adapted(spec, args.model, calibration, before)
           ^^^^^^^^^^^^^^^^^^^^^^^^^^^^^^^^^^^^^^^^^^^^^^^^^^^
  File "C:\Repos\openwall-stud-frame\scripts\run_fullroom_scenario.py", line 418, in _not_adapted
    after = {key: _sha256(path) for key, path in before.items()}
                  ^^^^^^^^^^^^^
  File "C:\Repos\openwall-stud-frame\scripts\run_fullroom_scenario.py", line 71, in _sha256
    if not path.is_file():
           ^^^^^^^^^^^^
AttributeError: 'str' object has no attribute 'is_file'
===== 2026-09-26T12:44:46-07:00 stage=fullroom_J_pointsam attempt=1 =====
Traceback (most recent call last):
  File "C:\Repos\openwall-stud-frame\scripts\run_fullroom_scenario.py", line 493, in <module>
    raise SystemExit(main())
                     ^^^^^^
  File "C:\Repos\openwall-stud-frame\scripts\run_fullroom_scenario.py", line 459, in main
    return _not_adapted(spec, args.model, calibration, before)
           ^^^^^^^^^^^^^^^^^^^^^^^^^^^^^^^^^^^^^^^^^^^^^^^^^^^
  File "C:\Repos\openwall-stud-frame\scripts\run_fullroom_scenario.py", line 418, in _not_adapted
    after = {key: _sha256(path) for key, path in before.items()}
                  ^^^^^^^^^^^^^
  File "C:\Repos\openwall-stud-frame\scripts\run_fullroom_scenario.py", line 71, in _sha256
    if not path.is_file():
           ^^^^^^^^^^^^
AttributeError: 'str' object has no attribute 'is_file'
===== 2026-09-26T12:44:46-07:00 stage=fullroom_J_pointsam attempt=2 =====
Traceback (most recent call last):
  File "C:\Repos\openwall-stud-frame\scripts\run_fullroom_scenario.py", line 493, in <module>
    raise SystemExit(main())
                     ^^^^^^
  File "C:\Repos\openwall-stud-frame\scripts\run_fullroom_scenario.py", line 459, in main
    return _not_adapted(spec, args.model, calibration, before)
           ^^^^^^^^^^^^^^^^^^^^^^^^^^^^^^^^^^^^^^^^^^^^^^^^^^^
  File "C:\Repos\openwall-stud-frame\scripts\run_fullroom_scenario.py", line 418, in _not_adapted
    after = {key: _sha256(path) for key, path in before.items()}
                  ^^^^^^^^^^^^^
  File "C:\Repos\openwall-stud-frame\scripts\run_fullroom_scenario.py", line 71, in _sha256
    if not path.is_file():
           ^^^^^^^^^^^^
AttributeError: 'str' object has no attribute 'is_file'
===== 2026-09-26T12:44:47-07:00 stage=fullroom_J_pointsam attempt=3 =====
Traceback (most recent call last):
  File "C:\Repos\openwall-stud-frame\scripts\run_fullroom_scenario.py", line 493, in <module>
    raise SystemExit(main())
                     ^^^^^^
  File "C:\Repos\openwall-stud-frame\scripts\run_fullroom_scenario.py", line 459, in main
    return _not_adapted(spec, args.model, calibration, before)
           ^^^^^^^^^^^^^^^^^^^^^^^^^^^^^^^^^^^^^^^^^^^^^^^^^^^
  File "C:\Repos\openwall-stud-frame\scripts\run_fullroom_scenario.py", line 418, in _not_adapted
    after = {key: _sha256(path) for key, path in before.items()}
                  ^^^^^^^^^^^^^
  File "C:\Repos\openwall-stud-frame\scripts\run_fullroom_scenario.py", line 71, in _sha256
    if not path.is_file():
           ^^^^^^^^^^^^
AttributeError: 'str' object has no attribute 'is_file'
===== 2026-09-26T12:44:47-07:00 stage=fullroom_J_pointsam attempt=4 =====
Traceback (most recent call last):
  File "C:\Repos\openwall-stud-frame\scripts\run_fullroom_scenario.py", line 493, in <module>
    raise SystemExit(main())
                     ^^^^^^
  File "C:\Repos\openwall-stud-frame\scripts\run_fullroom_scenario.py", line 459, in main
    return _not_adapted(spec, args.model, calibration, before)
           ^^^^^^^^^^^^^^^^^^^^^^^^^^^^^^^^^^^^^^^^^^^^^^^^^^^
  File "C:\Repos\openwall-stud-frame\scripts\run_fullroom_scenario.py", line 418, in _not_adapted
    after = {key: _sha256(path) for key, path in before.items()}
                  ^^^^^^^^^^^^^
  File "C:\Repos\openwall-stud-frame\scripts\run_fullroom_scenario.py", line 71, in _sha256
    if not path.is_file():
           ^^^^^^^^^^^^
AttributeError: 'str' object has no attribute 'is_file'
===== 2026-09-26T12:44:48-07:00 stage=fullroom_A_sam3d attempt=1 =====
Traceback (most recent call last):
  File "C:\Repos\openwall-stud-frame\scripts\run_fullroom_scenario.py", line 493, in <module>
    raise SystemExit(main())
                     ^^^^^^
  File "C:\Repos\openwall-stud-frame\scripts\run_fullroom_scenario.py", line 459, in main
    return _not_adapted(spec, args.model, calibration, before)
           ^^^^^^^^^^^^^^^^^^^^^^^^^^^^^^^^^^^^^^^^^^^^^^^^^^^
  File "C:\Repos\openwall-stud-frame\scripts\run_fullroom_scenario.py", line 418, in _not_adapted
    after = {key: _sha256(path) for key, path in before.items()}
                  ^^^^^^^^^^^^^
  File "C:\Repos\openwall-stud-frame\scripts\run_fullroom_scenario.py", line 71, in _sha256
    if not path.is_file():
           ^^^^^^^^^^^^
AttributeError: 'str' object has no attribute 'is_file'
===== 2026-09-26T12:44:49-07:00 stage=fullroom_A_sam3d attempt=2 =====
Traceback (most recent call last):
  File "C:\Repos\openwall-stud-frame\scripts\run_fullroom_scenario.py", line 493, in <module>
    raise SystemExit(main())
                     ^^^^^^
  File "C:\Repos\openwall-stud-frame\scripts\run_fullroom_scenario.py", line 459, in main
    return _not_adapted(spec, args.model, calibration, before)
           ^^^^^^^^^^^^^^^^^^^^^^^^^^^^^^^^^^^^^^^^^^^^^^^^^^^
  File "C:\Repos\openwall-stud-frame\scripts\run_fullroom_scenario.py", line 418, in _not_adapted
    after = {key: _sha256(path) for key, path in before.items()}
                  ^^^^^^^^^^^^^
  File "C:\Repos\openwall-stud-frame\scripts\run_fullroom_scenario.py", line 71, in _sha256
    if not path.is_file():
           ^^^^^^^^^^^^
AttributeError: 'str' object has no attribute 'is_file'
===== 2026-09-26T12:44:49-07:00 stage=fullroom_A_sam3d attempt=3 =====
Traceback (most recent call last):
  File "C:\Repos\openwall-stud-frame\scripts\run_fullroom_scenario.py", line 493, in <module>
    raise SystemExit(main())
                     ^^^^^^
  File "C:\Repos\openwall-stud-frame\scripts\run_fullroom_scenario.py", line 459, in main
    return _not_adapted(spec, args.model, calibration, before)
           ^^^^^^^^^^^^^^^^^^^^^^^^^^^^^^^^^^^^^^^^^^^^^^^^^^^
  File "C:\Repos\openwall-stud-frame\scripts\run_fullroom_scenario.py", line 418, in _not_adapted
    after = {key: _sha256(path) for key, path in before.items()}
                  ^^^^^^^^^^^^^
  File "C:\Repos\openwall-stud-frame\scripts\run_fullroom_scenario.py", line 71, in _sha256
    if not path.is_file():
           ^^^^^^^^^^^^
AttributeError: 'str' object has no attribute 'is_file'
===== 2026-09-26T12:44:50-07:00 stage=fullroom_A_sam3d attempt=4 =====
Traceback (most recent call last):
  File "C:\Repos\openwall-stud-frame\scripts\run_fullroom_scenario.py", line 493, in <module>
    raise SystemExit(main())
                     ^^^^^^
  File "C:\Repos\openwall-stud-frame\scripts\run_fullroom_scenario.py", line 459, in main
    return _not_adapted(spec, args.model, calibration, before)
           ^^^^^^^^^^^^^^^^^^^^^^^^^^^^^^^^^^^^^^^^^^^^^^^^^^^
  File "C:\Repos\openwall-stud-frame\scripts\run_fullroom_scenario.py", line 418, in _not_adapted
    after = {key: _sha256(path) for key, path in before.items()}
                  ^^^^^^^^^^^^^
  File "C:\Repos\openwall-stud-frame\scripts\run_fullroom_scenario.py", line 71, in _sha256
    if not path.is_file():
           ^^^^^^^^^^^^
AttributeError: 'str' object has no attribute 'is_file'
===== 2026-09-26T12:44:51-07:00 stage=fullroom_B_sam3d attempt=1 =====
Traceback (most recent call last):
  File "C:\Repos\openwall-stud-frame\scripts\run_fullroom_scenario.py", line 493, in <module>
    raise SystemExit(main())
                     ^^^^^^
  File "C:\Repos\openwall-stud-frame\scripts\run_fullroom_scenario.py", line 459, in main
    return _not_adapted(spec, args.model, calibration, before)
           ^^^^^^^^^^^^^^^^^^^^^^^^^^^^^^^^^^^^^^^^^^^^^^^^^^^
  File "C:\Repos\openwall-stud-frame\scripts\run_fullroom_scenario.py", line 418, in _not_adapted
    after = {key: _sha256(path) for key, path in before.items()}
                  ^^^^^^^^^^^^^
  File "C:\Repos\openwall-stud-frame\scripts\run_fullroom_scenario.py", line 71, in _sha256
    if not path.is_file():
           ^^^^^^^^^^^^
AttributeError: 'str' object has no attribute 'is_file'
===== 2026-09-26T12:44:51-07:00 stage=fullroom_B_sam3d attempt=2 =====
Traceback (most recent call last):
  File "C:\Repos\openwall-stud-frame\scripts\run_fullroom_scenario.py", line 493, in <module>
    raise SystemExit(main())
                     ^^^^^^
  File "C:\Repos\openwall-stud-frame\scripts\run_fullroom_scenario.py", line 459, in main
    return _not_adapted(spec, args.model, calibration, before)
           ^^^^^^^^^^^^^^^^^^^^^^^^^^^^^^^^^^^^^^^^^^^^^^^^^^^
  File "C:\Repos\openwall-stud-frame\scripts\run_fullroom_scenario.py", line 418, in _not_adapted
    after = {key: _sha256(path) for key, path in before.items()}
                  ^^^^^^^^^^^^^
  File "C:\Repos\openwall-stud-frame\scripts\run_fullroom_scenario.py", line 71, in _sha256
    if not path.is_file():
           ^^^^^^^^^^^^
AttributeError: 'str' object has no attribute 'is_file'
===== 2026-09-26T12:44:52-07:00 stage=fullroom_B_sam3d attempt=3 =====
Traceback (most recent call last):
  File "C:\Repos\openwall-stud-frame\scripts\run_fullroom_scenario.py", line 493, in <module>
    raise SystemExit(main())
                     ^^^^^^
  File "C:\Repos\openwall-stud-frame\scripts\run_fullroom_scenario.py", line 459, in main
    return _not_adapted(spec, args.model, calibration, before)
           ^^^^^^^^^^^^^^^^^^^^^^^^^^^^^^^^^^^^^^^^^^^^^^^^^^^
  File "C:\Repos\openwall-stud-frame\scripts\run_fullroom_scenario.py", line 418, in _not_adapted
    after = {key: _sha256(path) for key, path in before.items()}
                  ^^^^^^^^^^^^^
  File "C:\Repos\openwall-stud-frame\scripts\run_fullroom_scenario.py", line 71, in _sha256
    if not path.is_file():
           ^^^^^^^^^^^^
AttributeError: 'str' object has no attribute 'is_file'
===== 2026-09-26T12:44:53-07:00 stage=fullroom_B_sam3d attempt=4 =====
Traceback (most recent call last):
  File "C:\Repos\openwall-stud-frame\scripts\run_fullroom_scenario.py", line 493, in <module>
    raise SystemExit(main())
                     ^^^^^^
  File "C:\Repos\openwall-stud-frame\scripts\run_fullroom_scenario.py", line 459, in main
    return _not_adapted(spec, args.model, calibration, before)
           ^^^^^^^^^^^^^^^^^^^^^^^^^^^^^^^^^^^^^^^^^^^^^^^^^^^
  File "C:\Repos\openwall-stud-frame\scripts\run_fullroom_scenario.py", line 418, in _not_adapted
    after = {key: _sha256(path) for key, path in before.items()}
                  ^^^^^^^^^^^^^
  File "C:\Repos\openwall-stud-frame\scripts\run_fullroom_scenario.py", line 71, in _sha256
    if not path.is_file():
           ^^^^^^^^^^^^
AttributeError: 'str' object has no attribute 'is_file'
===== 2026-09-26T12:44:53-07:00 stage=fullroom_C_sam3d attempt=1 =====
Traceback (most recent call last):
  File "C:\Repos\openwall-stud-frame\scripts\run_fullroom_scenario.py", line 493, in <module>
    raise SystemExit(main())
                     ^^^^^^
  File "C:\Repos\openwall-stud-frame\scripts\run_fullroom_scenario.py", line 459, in main
    return _not_adapted(spec, args.model, calibration, before)
           ^^^^^^^^^^^^^^^^^^^^^^^^^^^^^^^^^^^^^^^^^^^^^^^^^^^
  File "C:\Repos\openwall-stud-frame\scripts\run_fullroom_scenario.py", line 418, in _not_adapted
    after = {key: _sha256(path) for key, path in before.items()}
                  ^^^^^^^^^^^^^
  File "C:\Repos\openwall-stud-frame\scripts\run_fullroom_scenario.py", line 71, in _sha256
    if not path.is_file():
           ^^^^^^^^^^^^
AttributeError: 'str' object has no attribute 'is_file'
===== 2026-09-26T12:44:54-07:00 stage=fullroom_C_sam3d attempt=2 =====
Traceback (most recent call last):
  File "C:\Repos\openwall-stud-frame\scripts\run_fullroom_scenario.py", line 493, in <module>
    raise SystemExit(main())
                     ^^^^^^
  File "C:\Repos\openwall-stud-frame\scripts\run_fullroom_scenario.py", line 459, in main
    return _not_adapted(spec, args.model, calibration, before)
           ^^^^^^^^^^^^^^^^^^^^^^^^^^^^^^^^^^^^^^^^^^^^^^^^^^^
  File "C:\Repos\openwall-stud-frame\scripts\run_fullroom_scenario.py", line 418, in _not_adapted
    after = {key: _sha256(path) for key, path in before.items()}
                  ^^^^^^^^^^^^^
  File "C:\Repos\openwall-stud-frame\scripts\run_fullroom_scenario.py", line 71, in _sha256
    if not path.is_file():
           ^^^^^^^^^^^^
AttributeError: 'str' object has no attribute 'is_file'
===== 2026-09-26T12:44:54-07:00 stage=fullroom_C_sam3d attempt=3 =====
Traceback (most recent call last):
  File "C:\Repos\openwall-stud-frame\scripts\run_fullroom_scenario.py", line 493, in <module>
    raise SystemExit(main())
                     ^^^^^^
  File "C:\Repos\openwall-stud-frame\scripts\run_fullroom_scenario.py", line 459, in main
    return _not_adapted(spec, args.model, calibration, before)
           ^^^^^^^^^^^^^^^^^^^^^^^^^^^^^^^^^^^^^^^^^^^^^^^^^^^
  File "C:\Repos\openwall-stud-frame\scripts\run_fullroom_scenario.py", line 418, in _not_adapted
    after = {key: _sha256(path) for key, path in before.items()}
                  ^^^^^^^^^^^^^
  File "C:\Repos\openwall-stud-frame\scripts\run_fullroom_scenario.py", line 71, in _sha256
    if not path.is_file():
           ^^^^^^^^^^^^
AttributeError: 'str' object has no attribute 'is_file'
===== 2026-09-26T12:44:55-07:00 stage=fullroom_C_sam3d attempt=4 =====
Traceback (most recent call last):
  File "C:\Repos\openwall-stud-frame\scripts\run_fullroom_scenario.py", line 493, in <module>
    raise SystemExit(main())
                     ^^^^^^
  File "C:\Repos\openwall-stud-frame\scripts\run_fullroom_scenario.py", line 459, in main
    return _not_adapted(spec, args.model, calibration, before)
           ^^^^^^^^^^^^^^^^^^^^^^^^^^^^^^^^^^^^^^^^^^^^^^^^^^^
  File "C:\Repos\openwall-stud-frame\scripts\run_fullroom_scenario.py", line 418, in _not_adapted
    after = {key: _sha256(path) for key, path in before.items()}
                  ^^^^^^^^^^^^^
  File "C:\Repos\openwall-stud-frame\scripts\run_fullroom_scenario.py", line 71, in _sha256
    if not path.is_file():
           ^^^^^^^^^^^^
AttributeError: 'str' object has no attribute 'is_file'
===== 2026-09-26T12:44:56-07:00 stage=fullroom_D_sam3d attempt=1 =====
Traceback (most recent call last):
  File "C:\Repos\openwall-stud-frame\scripts\run_fullroom_scenario.py", line 493, in <module>
    raise SystemExit(main())
                     ^^^^^^
  File "C:\Repos\openwall-stud-frame\scripts\run_fullroom_scenario.py", line 459, in main
    return _not_adapted(spec, args.model, calibration, before)
           ^^^^^^^^^^^^^^^^^^^^^^^^^^^^^^^^^^^^^^^^^^^^^^^^^^^
  File "C:\Repos\openwall-stud-frame\scripts\run_fullroom_scenario.py", line 418, in _not_adapted
    after = {key: _sha256(path) for key, path in before.items()}
                  ^^^^^^^^^^^^^
  File "C:\Repos\openwall-stud-frame\scripts\run_fullroom_scenario.py", line 71, in _sha256
    if not path.is_file():
           ^^^^^^^^^^^^
AttributeError: 'str' object has no attribute 'is_file'
===== 2026-09-26T12:44:56-07:00 stage=fullroom_D_sam3d attempt=2 =====
Traceback (most recent call last):
  File "C:\Repos\openwall-stud-frame\scripts\run_fullroom_scenario.py", line 493, in <module>
    raise SystemExit(main())
                     ^^^^^^
  File "C:\Repos\openwall-stud-frame\scripts\run_fullroom_scenario.py", line 459, in main
    return _not_adapted(spec, args.model, calibration, before)
           ^^^^^^^^^^^^^^^^^^^^^^^^^^^^^^^^^^^^^^^^^^^^^^^^^^^
  File "C:\Repos\openwall-stud-frame\scripts\run_fullroom_scenario.py", line 418, in _not_adapted
    after = {key: _sha256(path) for key, path in before.items()}
                  ^^^^^^^^^^^^^
  File "C:\Repos\openwall-stud-frame\scripts\run_fullroom_scenario.py", line 71, in _sha256
    if not path.is_file():
           ^^^^^^^^^^^^
AttributeError: 'str' object has no attribute 'is_file'
===== 2026-09-26T12:44:57-07:00 stage=fullroom_D_sam3d attempt=3 =====
Traceback (most recent call last):
  File "C:\Repos\openwall-stud-frame\scripts\run_fullroom_scenario.py", line 493, in <module>
    raise SystemExit(main())
                     ^^^^^^
  File "C:\Repos\openwall-stud-frame\scripts\run_fullroom_scenario.py", line 459, in main
    return _not_adapted(spec, args.model, calibration, before)
           ^^^^^^^^^^^^^^^^^^^^^^^^^^^^^^^^^^^^^^^^^^^^^^^^^^^
  File "C:\Repos\openwall-stud-frame\scripts\run_fullroom_scenario.py", line 418, in _not_adapted
    after = {key: _sha256(path) for key, path in before.items()}
                  ^^^^^^^^^^^^^
  File "C:\Repos\openwall-stud-frame\scripts\run_fullroom_scenario.py", line 71, in _sha256
    if not path.is_file():
           ^^^^^^^^^^^^
AttributeError: 'str' object has no attribute 'is_file'
===== 2026-09-26T12:44:58-07:00 stage=fullroom_D_sam3d attempt=4 =====
Traceback (most recent call last):
  File "C:\Repos\openwall-stud-frame\scripts\run_fullroom_scenario.py", line 493, in <module>
    raise SystemExit(main())
                     ^^^^^^
  File "C:\Repos\openwall-stud-frame\scripts\run_fullroom_scenario.py", line 459, in main
    return _not_adapted(spec, args.model, calibration, before)
           ^^^^^^^^^^^^^^^^^^^^^^^^^^^^^^^^^^^^^^^^^^^^^^^^^^^
  File "C:\Repos\openwall-stud-frame\scripts\run_fullroom_scenario.py", line 418, in _not_adapted
    after = {key: _sha256(path) for key, path in before.items()}
                  ^^^^^^^^^^^^^
  File "C:\Repos\openwall-stud-frame\scripts\run_fullroom_scenario.py", line 71, in _sha256
    if not path.is_file():
           ^^^^^^^^^^^^
AttributeError: 'str' object has no attribute 'is_file'
===== 2026-09-26T12:44:58-07:00 stage=fullroom_E_sam3d attempt=1 =====
Traceback (most recent call last):
  File "C:\Repos\openwall-stud-frame\scripts\run_fullroom_scenario.py", line 493, in <module>
    raise SystemExit(main())
                     ^^^^^^
  File "C:\Repos\openwall-stud-frame\scripts\run_fullroom_scenario.py", line 459, in main
    return _not_adapted(spec, args.model, calibration, before)
           ^^^^^^^^^^^^^^^^^^^^^^^^^^^^^^^^^^^^^^^^^^^^^^^^^^^
  File "C:\Repos\openwall-stud-frame\scripts\run_fullroom_scenario.py", line 418, in _not_adapted
    after = {key: _sha256(path) for key, path in before.items()}
                  ^^^^^^^^^^^^^
  File "C:\Repos\openwall-stud-frame\scripts\run_fullroom_scenario.py", line 71, in _sha256
    if not path.is_file():
           ^^^^^^^^^^^^
AttributeError: 'str' object has no attribute 'is_file'
===== 2026-09-26T12:44:59-07:00 stage=fullroom_E_sam3d attempt=2 =====
Traceback (most recent call last):
  File "C:\Repos\openwall-stud-frame\scripts\run_fullroom_scenario.py", line 493, in <module>
    raise SystemExit(main())
                     ^^^^^^
  File "C:\Repos\openwall-stud-frame\scripts\run_fullroom_scenario.py", line 459, in main
    return _not_adapted(spec, args.model, calibration, before)
           ^^^^^^^^^^^^^^^^^^^^^^^^^^^^^^^^^^^^^^^^^^^^^^^^^^^
  File "C:\Repos\openwall-stud-frame\scripts\run_fullroom_scenario.py", line 418, in _not_adapted
    after = {key: _sha256(path) for key, path in before.items()}
                  ^^^^^^^^^^^^^
  File "C:\Repos\openwall-stud-frame\scripts\run_fullroom_scenario.py", line 71, in _sha256
    if not path.is_file():
           ^^^^^^^^^^^^
AttributeError: 'str' object has no attribute 'is_file'
===== 2026-09-26T12:44:59-07:00 stage=fullroom_E_sam3d attempt=3 =====
Traceback (most recent call last):
  File "C:\Repos\openwall-stud-frame\scripts\run_fullroom_scenario.py", line 493, in <module>
    raise SystemExit(main())
                     ^^^^^^
  File "C:\Repos\openwall-stud-frame\scripts\run_fullroom_scenario.py", line 459, in main
    return _not_adapted(spec, args.model, calibration, before)
           ^^^^^^^^^^^^^^^^^^^^^^^^^^^^^^^^^^^^^^^^^^^^^^^^^^^
  File "C:\Repos\openwall-stud-frame\scripts\run_fullroom_scenario.py", line 418, in _not_adapted
    after = {key: _sha256(path) for key, path in before.items()}
                  ^^^^^^^^^^^^^
  File "C:\Repos\openwall-stud-frame\scripts\run_fullroom_scenario.py", line 71, in _sha256
    if not path.is_file():
           ^^^^^^^^^^^^
AttributeError: 'str' object has no attribute 'is_file'
===== 2026-09-26T12:45:00-07:00 stage=fullroom_E_sam3d attempt=4 =====
Traceback (most recent call last):
  File "C:\Repos\openwall-stud-frame\scripts\run_fullroom_scenario.py", line 493, in <module>
    raise SystemExit(main())
                     ^^^^^^
  File "C:\Repos\openwall-stud-frame\scripts\run_fullroom_scenario.py", line 459, in main
    return _not_adapted(spec, args.model, calibration, before)
           ^^^^^^^^^^^^^^^^^^^^^^^^^^^^^^^^^^^^^^^^^^^^^^^^^^^
  File "C:\Repos\openwall-stud-frame\scripts\run_fullroom_scenario.py", line 418, in _not_adapted
    after = {key: _sha256(path) for key, path in before.items()}
                  ^^^^^^^^^^^^^
  File "C:\Repos\openwall-stud-frame\scripts\run_fullroom_scenario.py", line 71, in _sha256
    if not path.is_file():
           ^^^^^^^^^^^^
AttributeError: 'str' object has no attribute 'is_file'
===== 2026-09-26T12:45:01-07:00 stage=fullroom_F_sam3d attempt=1 =====
Traceback (most recent call last):
  File "C:\Repos\openwall-stud-frame\scripts\run_fullroom_scenario.py", line 493, in <module>
    raise SystemExit(main())
                     ^^^^^^
  File "C:\Repos\openwall-stud-frame\scripts\run_fullroom_scenario.py", line 459, in main
    return _not_adapted(spec, args.model, calibration, before)
           ^^^^^^^^^^^^^^^^^^^^^^^^^^^^^^^^^^^^^^^^^^^^^^^^^^^
  File "C:\Repos\openwall-stud-frame\scripts\run_fullroom_scenario.py", line 418, in _not_adapted
    after = {key: _sha256(path) for key, path in before.items()}
                  ^^^^^^^^^^^^^
  File "C:\Repos\openwall-stud-frame\scripts\run_fullroom_scenario.py", line 71, in _sha256
    if not path.is_file():
           ^^^^^^^^^^^^
AttributeError: 'str' object has no attribute 'is_file'
===== 2026-09-26T12:45:01-07:00 stage=fullroom_F_sam3d attempt=2 =====
Traceback (most recent call last):
  File "C:\Repos\openwall-stud-frame\scripts\run_fullroom_scenario.py", line 493, in <module>
    raise SystemExit(main())
                     ^^^^^^
  File "C:\Repos\openwall-stud-frame\scripts\run_fullroom_scenario.py", line 459, in main
    return _not_adapted(spec, args.model, calibration, before)
           ^^^^^^^^^^^^^^^^^^^^^^^^^^^^^^^^^^^^^^^^^^^^^^^^^^^
  File "C:\Repos\openwall-stud-frame\scripts\run_fullroom_scenario.py", line 418, in _not_adapted
    after = {key: _sha256(path) for key, path in before.items()}
                  ^^^^^^^^^^^^^
  File "C:\Repos\openwall-stud-frame\scripts\run_fullroom_scenario.py", line 71, in _sha256
    if not path.is_file():
           ^^^^^^^^^^^^
AttributeError: 'str' object has no attribute 'is_file'
===== 2026-09-26T12:45:02-07:00 stage=fullroom_F_sam3d attempt=3 =====
Traceback (most recent call last):
  File "C:\Repos\openwall-stud-frame\scripts\run_fullroom_scenario.py", line 493, in <module>
    raise SystemExit(main())
                     ^^^^^^
  File "C:\Repos\openwall-stud-frame\scripts\run_fullroom_scenario.py", line 459, in main
    return _not_adapted(spec, args.model, calibration, before)
           ^^^^^^^^^^^^^^^^^^^^^^^^^^^^^^^^^^^^^^^^^^^^^^^^^^^
  File "C:\Repos\openwall-stud-frame\scripts\run_fullroom_scenario.py", line 418, in _not_adapted
    after = {key: _sha256(path) for key, path in before.items()}
                  ^^^^^^^^^^^^^
  File "C:\Repos\openwall-stud-frame\scripts\run_fullroom_scenario.py", line 71, in _sha256
    if not path.is_file():
           ^^^^^^^^^^^^
AttributeError: 'str' object has no attribute 'is_file'
===== 2026-09-26T12:45:03-07:00 stage=fullroom_F_sam3d attempt=4 =====
Traceback (most recent call last):
  File "C:\Repos\openwall-stud-frame\scripts\run_fullroom_scenario.py", line 493, in <module>
    raise SystemExit(main())
                     ^^^^^^
  File "C:\Repos\openwall-stud-frame\scripts\run_fullroom_scenario.py", line 459, in main
    return _not_adapted(spec, args.model, calibration, before)
           ^^^^^^^^^^^^^^^^^^^^^^^^^^^^^^^^^^^^^^^^^^^^^^^^^^^
  File "C:\Repos\openwall-stud-frame\scripts\run_fullroom_scenario.py", line 418, in _not_adapted
    after = {key: _sha256(path) for key, path in before.items()}
                  ^^^^^^^^^^^^^
  File "C:\Repos\openwall-stud-frame\scripts\run_fullroom_scenario.py", line 71, in _sha256
    if not path.is_file():
           ^^^^^^^^^^^^
AttributeError: 'str' object has no attribute 'is_file'
===== 2026-09-26T12:45:03-07:00 stage=fullroom_G_sam3d attempt=1 =====
Traceback (most recent call last):
  File "C:\Repos\openwall-stud-frame\scripts\run_fullroom_scenario.py", line 493, in <module>
    raise SystemExit(main())
                     ^^^^^^
  File "C:\Repos\openwall-stud-frame\scripts\run_fullroom_scenario.py", line 459, in main
    return _not_adapted(spec, args.model, calibration, before)
           ^^^^^^^^^^^^^^^^^^^^^^^^^^^^^^^^^^^^^^^^^^^^^^^^^^^
  File "C:\Repos\openwall-stud-frame\scripts\run_fullroom_scenario.py", line 418, in _not_adapted
    after = {key: _sha256(path) for key, path in before.items()}
                  ^^^^^^^^^^^^^
  File "C:\Repos\openwall-stud-frame\scripts\run_fullroom_scenario.py", line 71, in _sha256
    if not path.is_file():
           ^^^^^^^^^^^^
AttributeError: 'str' object has no attribute 'is_file'
===== 2026-09-26T12:45:04-07:00 stage=fullroom_G_sam3d attempt=2 =====
Traceback (most recent call last):
  File "C:\Repos\openwall-stud-frame\scripts\run_fullroom_scenario.py", line 493, in <module>
    raise SystemExit(main())
                     ^^^^^^
  File "C:\Repos\openwall-stud-frame\scripts\run_fullroom_scenario.py", line 459, in main
    return _not_adapted(spec, args.model, calibration, before)
           ^^^^^^^^^^^^^^^^^^^^^^^^^^^^^^^^^^^^^^^^^^^^^^^^^^^
  File "C:\Repos\openwall-stud-frame\scripts\run_fullroom_scenario.py", line 418, in _not_adapted
    after = {key: _sha256(path) for key, path in before.items()}
                  ^^^^^^^^^^^^^
  File "C:\Repos\openwall-stud-frame\scripts\run_fullroom_scenario.py", line 71, in _sha256
    if not path.is_file():
           ^^^^^^^^^^^^
AttributeError: 'str' object has no attribute 'is_file'
===== 2026-09-26T12:45:05-07:00 stage=fullroom_G_sam3d attempt=3 =====
Traceback (most recent call last):
  File "C:\Repos\openwall-stud-frame\scripts\run_fullroom_scenario.py", line 493, in <module>
    raise SystemExit(main())
                     ^^^^^^
  File "C:\Repos\openwall-stud-frame\scripts\run_fullroom_scenario.py", line 459, in main
    return _not_adapted(spec, args.model, calibration, before)
           ^^^^^^^^^^^^^^^^^^^^^^^^^^^^^^^^^^^^^^^^^^^^^^^^^^^
  File "C:\Repos\openwall-stud-frame\scripts\run_fullroom_scenario.py", line 418, in _not_adapted
    after = {key: _sha256(path) for key, path in before.items()}
                  ^^^^^^^^^^^^^
  File "C:\Repos\openwall-stud-frame\scripts\run_fullroom_scenario.py", line 71, in _sha256
    if not path.is_file():
           ^^^^^^^^^^^^
AttributeError: 'str' object has no attribute 'is_file'
===== 2026-09-26T12:45:05-07:00 stage=fullroom_G_sam3d attempt=4 =====
Traceback (most recent call last):
  File "C:\Repos\openwall-stud-frame\scripts\run_fullroom_scenario.py", line 493, in <module>
    raise SystemExit(main())
                     ^^^^^^
  File "C:\Repos\openwall-stud-frame\scripts\run_fullroom_scenario.py", line 459, in main
    return _not_adapted(spec, args.model, calibration, before)
           ^^^^^^^^^^^^^^^^^^^^^^^^^^^^^^^^^^^^^^^^^^^^^^^^^^^
  File "C:\Repos\openwall-stud-frame\scripts\run_fullroom_scenario.py", line 418, in _not_adapted
    after = {key: _sha256(path) for key, path in before.items()}
                  ^^^^^^^^^^^^^
  File "C:\Repos\openwall-stud-frame\scripts\run_fullroom_scenario.py", line 71, in _sha256
    if not path.is_file():
           ^^^^^^^^^^^^
AttributeError: 'str' object has no attribute 'is_file'
===== 2026-09-26T12:45:06-07:00 stage=fullroom_H_sam3d attempt=1 =====
Traceback (most recent call last):
  File "C:\Repos\openwall-stud-frame\scripts\run_fullroom_scenario.py", line 493, in <module>
    raise SystemExit(main())
                     ^^^^^^
  File "C:\Repos\openwall-stud-frame\scripts\run_fullroom_scenario.py", line 459, in main
    return _not_adapted(spec, args.model, calibration, before)
           ^^^^^^^^^^^^^^^^^^^^^^^^^^^^^^^^^^^^^^^^^^^^^^^^^^^
  File "C:\Repos\openwall-stud-frame\scripts\run_fullroom_scenario.py", line 418, in _not_adapted
    after = {key: _sha256(path) for key, path in before.items()}
                  ^^^^^^^^^^^^^
  File "C:\Repos\openwall-stud-frame\scripts\run_fullroom_scenario.py", line 71, in _sha256
    if not path.is_file():
           ^^^^^^^^^^^^
AttributeError: 'str' object has no attribute 'is_file'
===== 2026-09-26T12:45:06-07:00 stage=fullroom_H_sam3d attempt=2 =====
Traceback (most recent call last):
  File "C:\Repos\openwall-stud-frame\scripts\run_fullroom_scenario.py", line 493, in <module>
    raise SystemExit(main())
                     ^^^^^^
  File "C:\Repos\openwall-stud-frame\scripts\run_fullroom_scenario.py", line 459, in main
    return _not_adapted(spec, args.model, calibration, before)
           ^^^^^^^^^^^^^^^^^^^^^^^^^^^^^^^^^^^^^^^^^^^^^^^^^^^
  File "C:\Repos\openwall-stud-frame\scripts\run_fullroom_scenario.py", line 418, in _not_adapted
    after = {key: _sha256(path) for key, path in before.items()}
                  ^^^^^^^^^^^^^
  File "C:\Repos\openwall-stud-frame\scripts\run_fullroom_scenario.py", line 71, in _sha256
    if not path.is_file():
           ^^^^^^^^^^^^
AttributeError: 'str' object has no attribute 'is_file'
===== 2026-09-26T12:45:07-07:00 stage=fullroom_H_sam3d attempt=3 =====
Traceback (most recent call last):
  File "C:\Repos\openwall-stud-frame\scripts\run_fullroom_scenario.py", line 493, in <module>
    raise SystemExit(main())
                     ^^^^^^
  File "C:\Repos\openwall-stud-frame\scripts\run_fullroom_scenario.py", line 459, in main
    return _not_adapted(spec, args.model, calibration, before)
           ^^^^^^^^^^^^^^^^^^^^^^^^^^^^^^^^^^^^^^^^^^^^^^^^^^^
  File "C:\Repos\openwall-stud-frame\scripts\run_fullroom_scenario.py", line 418, in _not_adapted
    after = {key: _sha256(path) for key, path in before.items()}
                  ^^^^^^^^^^^^^
  File "C:\Repos\openwall-stud-frame\scripts\run_fullroom_scenario.py", line 71, in _sha256
    if not path.is_file():
           ^^^^^^^^^^^^
AttributeError: 'str' object has no attribute 'is_file'
===== 2026-09-26T12:45:08-07:00 stage=fullroom_H_sam3d attempt=4 =====
Traceback (most recent call last):
  File "C:\Repos\openwall-stud-frame\scripts\run_fullroom_scenario.py", line 493, in <module>
    raise SystemExit(main())
                     ^^^^^^
  File "C:\Repos\openwall-stud-frame\scripts\run_fullroom_scenario.py", line 459, in main
    return _not_adapted(spec, args.model, calibration, before)
           ^^^^^^^^^^^^^^^^^^^^^^^^^^^^^^^^^^^^^^^^^^^^^^^^^^^
  File "C:\Repos\openwall-stud-frame\scripts\run_fullroom_scenario.py", line 418, in _not_adapted
    after = {key: _sha256(path) for key, path in before.items()}
                  ^^^^^^^^^^^^^
  File "C:\Repos\openwall-stud-frame\scripts\run_fullroom_scenario.py", line 71, in _sha256
    if not path.is_file():
           ^^^^^^^^^^^^
AttributeError: 'str' object has no attribute 'is_file'
===== 2026-09-26T12:45:08-07:00 stage=fullroom_I_sam3d attempt=1 =====
Traceback (most recent call last):
  File "C:\Repos\openwall-stud-frame\scripts\run_fullroom_scenario.py", line 493, in <module>
    raise SystemExit(main())
                     ^^^^^^
  File "C:\Repos\openwall-stud-frame\scripts\run_fullroom_scenario.py", line 459, in main
    return _not_adapted(spec, args.model, calibration, before)
           ^^^^^^^^^^^^^^^^^^^^^^^^^^^^^^^^^^^^^^^^^^^^^^^^^^^
  File "C:\Repos\openwall-stud-frame\scripts\run_fullroom_scenario.py", line 418, in _not_adapted
    after = {key: _sha256(path) for key, path in before.items()}
                  ^^^^^^^^^^^^^
  File "C:\Repos\openwall-stud-frame\scripts\run_fullroom_scenario.py", line 71, in _sha256
    if not path.is_file():
           ^^^^^^^^^^^^
AttributeError: 'str' object has no attribute 'is_file'
===== 2026-09-26T12:45:09-07:00 stage=fullroom_I_sam3d attempt=2 =====
Traceback (most recent call last):
  File "C:\Repos\openwall-stud-frame\scripts\run_fullroom_scenario.py", line 493, in <module>
    raise SystemExit(main())
                     ^^^^^^
  File "C:\Repos\openwall-stud-frame\scripts\run_fullroom_scenario.py", line 459, in main
    return _not_adapted(spec, args.model, calibration, before)
           ^^^^^^^^^^^^^^^^^^^^^^^^^^^^^^^^^^^^^^^^^^^^^^^^^^^
  File "C:\Repos\openwall-stud-frame\scripts\run_fullroom_scenario.py", line 418, in _not_adapted
    after = {key: _sha256(path) for key, path in before.items()}
                  ^^^^^^^^^^^^^
  File "C:\Repos\openwall-stud-frame\scripts\run_fullroom_scenario.py", line 71, in _sha256
    if not path.is_file():
           ^^^^^^^^^^^^
AttributeError: 'str' object has no attribute 'is_file'
===== 2026-09-26T12:45:10-07:00 stage=fullroom_I_sam3d attempt=3 =====
Traceback (most recent call last):
  File "C:\Repos\openwall-stud-frame\scripts\run_fullroom_scenario.py", line 493, in <module>
    raise SystemExit(main())
                     ^^^^^^
  File "C:\Repos\openwall-stud-frame\scripts\run_fullroom_scenario.py", line 459, in main
    return _not_adapted(spec, args.model, calibration, before)
           ^^^^^^^^^^^^^^^^^^^^^^^^^^^^^^^^^^^^^^^^^^^^^^^^^^^
  File "C:\Repos\openwall-stud-frame\scripts\run_fullroom_scenario.py", line 418, in _not_adapted
    after = {key: _sha256(path) for key, path in before.items()}
                  ^^^^^^^^^^^^^
  File "C:\Repos\openwall-stud-frame\scripts\run_fullroom_scenario.py", line 71, in _sha256
    if not path.is_file():
           ^^^^^^^^^^^^
AttributeError: 'str' object has no attribute 'is_file'
===== 2026-09-26T12:45:10-07:00 stage=fullroom_I_sam3d attempt=4 =====
Traceback (most recent call last):
  File "C:\Repos\openwall-stud-frame\scripts\run_fullroom_scenario.py", line 493, in <module>
    raise SystemExit(main())
                     ^^^^^^
  File "C:\Repos\openwall-stud-frame\scripts\run_fullroom_scenario.py", line 459, in main
    return _not_adapted(spec, args.model, calibration, before)
           ^^^^^^^^^^^^^^^^^^^^^^^^^^^^^^^^^^^^^^^^^^^^^^^^^^^
  File "C:\Repos\openwall-stud-frame\scripts\run_fullroom_scenario.py", line 418, in _not_adapted
    after = {key: _sha256(path) for key, path in before.items()}
                  ^^^^^^^^^^^^^
  File "C:\Repos\openwall-stud-frame\scripts\run_fullroom_scenario.py", line 71, in _sha256
    if not path.is_file():
           ^^^^^^^^^^^^
AttributeError: 'str' object has no attribute 'is_file'
===== 2026-09-26T12:45:11-07:00 stage=fullroom_J_sam3d attempt=1 =====
Traceback (most recent call last):
  File "C:\Repos\openwall-stud-frame\scripts\run_fullroom_scenario.py", line 493, in <module>
    raise SystemExit(main())
                     ^^^^^^
  File "C:\Repos\openwall-stud-frame\scripts\run_fullroom_scenario.py", line 459, in main
    return _not_adapted(spec, args.model, calibration, before)
           ^^^^^^^^^^^^^^^^^^^^^^^^^^^^^^^^^^^^^^^^^^^^^^^^^^^
  File "C:\Repos\openwall-stud-frame\scripts\run_fullroom_scenario.py", line 418, in _not_adapted
    after = {str(path.relative_to(ROOT)): _sha256(path) for path in EXPERIMENT1_WEIGHTS}
                  ^^^^^^^^^^^^^
  File "C:\Repos\openwall-stud-frame\scripts\run_fullroom_scenario.py", line 71, in _sha256
    if not path.is_file():
           ^^^^^^^^^^^^
AttributeError: 'str' object has no attribute 'is_file'
===== 2026-09-26T12:45:25-07:00 stage=fullroom_phase5_aggregate attempt=1 =====

result JSON missing or status not ok/not_adapted
===== 2026-09-26T12:45:25-07:00 stage=fullroom_phase5_aggregate attempt=2 =====

result JSON missing or status not ok/not_adapted
===== 2026-09-26T12:45:25-07:00 stage=fullroom_phase5_aggregate attempt=3 =====

result JSON missing or status not ok/not_adapted
===== 2026-09-26T12:45:25-07:00 stage=fullroom_phase5_aggregate attempt=4 =====

result JSON missing or status not ok/not_adapted
